Error type B at Line 1: Missing closing parenthesis ')'
Error type B at Line 1: Missing closing parenthesis ')'
