Program (1)
  ExtDefList (1)
    ExtDef (1)
      Specifier (1)
        StructSpecifier (1)
          STRUCT
          ID: abc
          LC
          DefList (2)
            Def (2)
              Specifier (2)
                TYPE: int
              DecList (2)
                Dec (2)
                  VarDec (2)
                    ID: a
                COMMA
                DecList (2)
                  Dec (2)
                    VarDec (2)
                      ID: b
              SEMI
            DefList (3)
              Def (3)
                Specifier (3)
                  TYPE: float
                DecList (3)
                  Dec (3)
                    VarDec (3)
                      ID: c
                  COMMA
                  DecList (3)
                    Dec (3)
                      VarDec (3)
                        ID: d
                SEMI
              DefList (4)
                Def (4)
                  Specifier (4)
                    TYPE: char
                  DecList (4)
                    Dec (4)
                      VarDec (4)
                        ID: e
                    COMMA
                    DecList (4)
                      Dec (4)
                        VarDec (4)
                          ID: f
                  SEMI
          RC
      SEMI
