Error type A at Line 1: Unknown lexeme 1b
Error type B at Line 1: Missing semicolon ';'
Error type A at Line 1: Unknown lexeme 3d
Error type B at Line 1: Missing semicolon ';'
Error type A at Line 1: Unknown lexeme $
