Error type 3 at Line 3: c variable is redefined in the same scope
