Error type 4 at Line 12: compare function is redefined
Error type 8 at Line 15: function return type is not matched
Error type 8 at Line 22: function return type is not matched
