Error type 1 at Line 18: tom variable is used without definition
Error type 8 at Line 18: function return type is not matched
