Error type 6 at line 6: rvalue on the left side of assignment operator
