Error type 5 at line 6: unmatching types on both sides of assignment operator
