Error type 12 at line 15: array indexing with non-integer type expression
