Error type 2 at line 8: add function is invoked without definition
