Error type 3 at line 6: ttt variable is redefined in the same scope
