Error type 10 at line 17: applying indexing operator ([...]) on non-array type variables
