Error type 11 at line 16: applying function invocation operator on non-function names
