Error type 8 at line 21: the functionâ€™s return value type mismatches the declared type
