Error type 13 at line 19: accessing member of non-structure variable
Error type 13 at line 19: accessing member of non-structure variable
