Error type 4 at line 7: compare function is redefined
