Error type 9 at line 12: the functionâ€™s arguments mismatch the declared parameters
