Error type 1 at line 5: x3 variable is used without definition
