Error type 15 at line 6: redefine structure type Child
